\relax 
\providecommand\hyper@newdestlabel[2]{}
\providecommand\HyperFirstAtBeginDocument{\AtBeginDocument}
\HyperFirstAtBeginDocument{\ifx\hyper@anchor\@undefined
\global\let\oldcontentsline\contentsline
\gdef\contentsline#1#2#3#4{\oldcontentsline{#1}{#2}{#3}}
\global\let\oldnewlabel\newlabel
\gdef\newlabel#1#2{\newlabelxx{#1}#2}
\gdef\newlabelxx#1#2#3#4#5#6{\oldnewlabel{#1}{{#2}{#3}}}
\AtEndDocument{\ifx\hyper@anchor\@undefined
\let\contentsline\oldcontentsline
\let\newlabel\oldnewlabel
\fi}
\fi}
\global\let\hyper@last\relax 
\gdef\HyperFirstAtBeginDocument#1{#1}
\providecommand\HyField@AuxAddToFields[1]{}
\providecommand\HyField@AuxAddToCoFields[2]{}
\@writefile{lof}{\contentsline {figure}{\numberline {1}{\ignorespaces High-Level Block Diagram.}}{1}{figure.1}\protected@file@percent }
\newlabel{fig:bd}{{1}{1}{High-Level Block Diagram}{figure.1}{}}
\@writefile{lot}{\contentsline {table}{\numberline {1}{\ignorespaces AMD Kintex Ultrascale FPGAs.}}{1}{table.1}\protected@file@percent }
\newlabel{tab:fpga_amd}{{1}{1}{AMD Kintex Ultrascale FPGAs}{table.1}{}}
\@writefile{lot}{\contentsline {table}{\numberline {2}{\ignorespaces Intel Cyclone V GT FPGAs.}}{1}{table.2}\protected@file@percent }
\newlabel{tab:fpga_intel}{{2}{1}{Intel Cyclone V GT FPGAs}{table.2}{}}
